../Core/Src/main.c:83:6:uart_send	16	static
../Core/Src/main.c:94:13:check	16	static
../Core/Src/main.c:100:13:section	16	static
../Core/Src/main.c:104:12:flash_locked	4	static
../Core/Src/main.c:108:12:flash_error_flags_clear	4	static
../Core/Src/main.c:113:12:page_is_erased	56	static
../Core/Src/main.c:124:12:verify_region	64	static
../Core/Src/main.c:135:13:fresh_page	16	static
../Core/Src/main.c:140:13:hex_dump	144	static
../Core/Src/main.c:155:13:test_erase_and_read	8	static
../Core/Src/main.c:174:13:test_single_writes	16	static
../Core/Src/main.c:246:13:test_buffer_apis	216	static
../Core/Src/main.c:363:13:test_full_page	120	static
../Core/Src/main.c:407:13:test_erase_behaviour	16	static
../Core/Src/main.c:449:13:test_limitations	24	static
../Core/Src/main.c:480:13:run_flash_tests	8	static
../Core/Src/main.c:514:5:main	8	static
../Core/Src/main.c:569:6:SystemClock_Config	72	static
../Core/Src/main.c:609:13:MX_USART1_UART_Init	8	static
../Core/Src/main.c:642:13:MX_GPIO_Init	40	static
../Core/Src/main.c:670:6:HAL_UARTEx_RxEventCallback	16	static
../Core/Src/main.c:680:6:HAL_UART_ErrorCallback	16	static
../Core/Src/main.c:691:6:Error_Handler	4	static,ignoring_inline_asm
